[22.05.2026 21:56:40] Инициализирована рабочая зона сеанса.
[22.05.2026 21:56:40] Запущена задача «Менеджер окон» (№ 2).
[22.05.2026 21:56:40] Запущена задача «Служба мониторинга» (№ 3).
[22.05.2026 21:56:40] Сеанс открыт для пользователя «Vadim».
[22.05.2026 21:57:01] Запущена задача «Вычислитель #4» (№ 4).
[22.05.2026 21:57:06] Остановлена задача «Вычислитель #4» (№ 4).
[22.05.2026 21:57:10] Сеанс VVU-DeskShell завершён.
[22.05.2026 21:58:08] Инициализирована рабочая зона сеанса.
[22.05.2026 21:58:08] Запущена задача «Менеджер окон» (№ 2).
[22.05.2026 21:58:08] Запущена задача «Служба мониторинга» (№ 3).
[22.05.2026 21:58:08] Сеанс открыт для пользователя «Vadim».
[22.05.2026 21:58:24] Запущена задача «Параметры #4» (№ 4).
[22.05.2026 21:58:28] Параметры аккаунта сохранены.
[22.05.2026 21:58:28] Остановлена задача «Параметры #4» (№ 4).
[22.05.2026 21:58:32] Запущена задача «Чтение: desk_shell.log #5» (№ 5).
[22.05.2026 21:58:34] Остановлена задача «Чтение: desk_shell.log #5» (№ 5).
[22.05.2026 21:58:35] Сеанс VVU-DeskShell завершён.
[22.05.2026 22:02:44] Зарегистрирован новый пользователь (пароль сохранён в виде хеша).
[22.05.2026 22:02:47] Инициализирована рабочая зона сеанса.
[22.05.2026 22:02:47] Запущена задача «Менеджер окон» (№ 2).
[22.05.2026 22:02:47] Запущена задача «Служба мониторинга» (№ 3).
[22.05.2026 22:02:47] Авторизация: пользователь «Vadim» (проверка хеша пароля).
[22.05.2026 22:02:47] Фон рабочего стола: «Утренний свет». На столе доступны значки приложений.
[22.05.2026 22:02:54] Смена фона рабочего стола (контекстное меню): «Утренний свет».
[22.05.2026 22:02:57] Смена фона рабочего стола (контекстное меню): «Свежая зелень».
[22.05.2026 22:03:01] Смена фона рабочего стола (контекстное меню): «Сиреневый».
[22.05.2026 22:03:02] Смена фона рабочего стола (контекстное меню): «Ночной режим».
[22.05.2026 22:06:18] Сеанс VVU-DeskShell завершён.
[22.05.2026 22:09:30] Зарегистрирован новый пользователь (пароль сохранён в виде хеша).
[22.05.2026 22:09:31] Инициализирована рабочая зона сеанса.
[22.05.2026 22:09:31] Запущена задача «Менеджер окон» (№ 2).
[22.05.2026 22:09:31] Запущена задача «Служба мониторинга» (№ 3).
[22.05.2026 22:09:31] Авторизация: пользователь «Vadim» (проверка хеша пароля).
[22.05.2026 22:09:31] Фон рабочего стола: «Утренний свет». На столе доступны значки приложений.
[22.05.2026 22:09:38] Цвет подложки: «Утренний свет».
[22.05.2026 22:09:42] Не удалось загрузить обои «Forest.jpg».
[22.05.2026 22:09:42] Обои рабочего стола: «Forest.jpg».
[22.05.2026 22:09:46] Не удалось загрузить обои «Green.jpg».
[22.05.2026 22:09:46] Обои рабочего стола: «Green.jpg».
[22.05.2026 22:09:50] Не удалось загрузить обои «village.jpg».
[22.05.2026 22:09:50] Обои рабочего стола: «village.jpg».
[22.05.2026 22:10:13] Сеанс VVU-DeskShell завершён.
[22.05.2026 22:10:47] Инициализирована рабочая зона сеанса.
[22.05.2026 22:10:47] Запущена задача «Менеджер окон» (№ 2).
[22.05.2026 22:10:47] Запущена задача «Служба мониторинга» (№ 3).
[22.05.2026 22:10:47] Файл обоев не найден: village.jpg
[22.05.2026 22:10:47] Авторизация: пользователь «Vadim» (проверка хеша пароля).
[22.05.2026 22:10:47] Фон рабочего стола: «Утренний свет». На столе доступны значки приложений.
[22.05.2026 22:10:47] Файл обоев не найден: village.jpg
[22.05.2026 22:10:50] Не удалось загрузить обои «Green.png».
[22.05.2026 22:10:50] Обои рабочего стола: «Green.png».
[22.05.2026 22:10:52] Не удалось загрузить обои «Forest.png».
[22.05.2026 22:10:52] Обои рабочего стола: «Forest.png».
[22.05.2026 22:10:54] Не удалось загрузить обои «Forest.png».
[22.05.2026 22:10:54] Цвет подложки: «Утренний свет».
[22.05.2026 22:10:57] Не удалось загрузить обои «Forest.png».
[22.05.2026 22:10:57] Цвет подложки: «Свежая зелень».
[22.05.2026 22:10:59] Не удалось загрузить обои «Forest.png».
[22.05.2026 22:10:59] Цвет подложки: «Сиреневый».
[22.05.2026 22:12:54] Сеанс VVU-DeskShell завершён.
[22.05.2026 22:15:44] Зарегистрирован новый пользователь (пароль сохранён в виде хеша).
[22.05.2026 22:15:45] Инициализирована рабочая зона сеанса.
[22.05.2026 22:15:45] Запущена задача «Менеджер окон» (№ 2).
[22.05.2026 22:15:45] Запущена задача «Служба мониторинга» (№ 3).
[22.05.2026 22:15:45] Авторизация: пользователь «Vadim» (проверка хеша пароля).
[22.05.2026 22:15:45] Фон рабочего стола: «Белый». На столе доступны значки приложений.
[22.05.2026 22:15:51] Обои рабочего стола: «Forest.png».
[22.05.2026 22:16:09] Сеанс VVU-DeskShell завершён.
[22.05.2026 22:18:30] Инициализирована рабочая зона сеанса.
[22.05.2026 22:18:30] Запущена задача «Менеджер окон» (№ 2).
[22.05.2026 22:18:30] Запущена задача «Служба мониторинга» (№ 3).
[22.05.2026 22:18:31] Авторизация: пользователь «Vadim» (проверка хеша пароля).
[22.05.2026 22:18:31] Фон рабочего стола: «Голубой». На столе доступны значки приложений.
[22.05.2026 22:18:35] Сеанс VVU-DeskShell завершён.
[23.05.2026 10:19:15] Инициализирована рабочая зона сеанса.
[23.05.2026 10:19:15] Запущена задача «Менеджер окон» (№ 2).
[23.05.2026 10:19:15] Запущена задача «Служба мониторинга» (№ 3).
[23.05.2026 10:19:16] Авторизация: пользователь «Vadim» (проверка хеша пароля).
[23.05.2026 10:19:16] Фон рабочего стола: «Голубой». На столе доступны значки приложений.
[23.05.2026 10:19:37] Запущена задача «Монитор задач #4» (№ 4).
[23.05.2026 13:17:02] Инициализирована рабочая зона сеанса.
[23.05.2026 13:17:02] Запущена задача «Менеджер окон» (№ 2).
[23.05.2026 13:17:02] Запущена задача «Служба мониторинга» (№ 3).
[23.05.2026 13:17:02] Авторизация: пользователь «Vadim» (проверка хеша пароля).
[23.05.2026 13:17:02] Фон рабочего стола: «Голубой». На столе доступны значки приложений.
[23.05.2026 13:17:07] Обои отключены, фон: «Голубой».
[23.05.2026 13:17:11] Запущена задача «Параметры #4» (№ 4).
[23.05.2026 13:17:12] Остановлена задача «Параметры #4» (№ 4).
[23.05.2026 13:17:14] Запущена задача «Параметры #5» (№ 5).
[23.05.2026 13:17:15] Остановлена задача «Параметры #5» (№ 5).
[23.05.2026 13:17:16] Запущена задача «Параметры #6» (№ 6).
[23.05.2026 13:17:17] Остановлена задача «Параметры #6» (№ 6).
[23.05.2026 13:17:19] Обои рабочего стола: «Lake.png».
[23.05.2026 13:17:20] Запущена задача «Параметры #7» (№ 7).
[23.05.2026 13:17:21] Остановлена задача «Параметры #7» (№ 7).
[23.05.2026 13:17:22] Запущена задача «Параметры #8» (№ 8).
[23.05.2026 13:17:24] Остановлена задача «Параметры #8» (№ 8).
[23.05.2026 13:17:25] Запущена задача «Чтение: desk_shell.log #9» (№ 9).
[23.05.2026 13:17:26] Остановлена задача «Чтение: desk_shell.log #9» (№ 9).
[23.05.2026 13:17:42] Запущена задача «Чтение: desk_shell.log #10» (№ 10).
[23.05.2026 13:17:48] Остановлена задача «Чтение: desk_shell.log #10» (№ 10).
[23.05.2026 13:17:51] Запущена задача «Монитор задач #11» (№ 11).
[23.05.2026 13:17:54] Запущена задача «Файловый менеджер #12» (№ 12).
[23.05.2026 13:17:58] Остановлена задача «Файловый менеджер #12» (№ 12).
[23.05.2026 13:18:05] Сеанс VVU-DeskShell завершён.
[23.05.2026 13:37:59] Инициализирована рабочая зона сеанса.
[23.05.2026 13:37:59] Запущена задача «Менеджер окон» (№ 2).
[23.05.2026 13:37:59] Запущена задача «Служба мониторинга» (№ 3).
[23.05.2026 13:37:59] Авторизация: пользователь «Vadim» (проверка хеша пароля).
[23.05.2026 13:37:59] Фон рабочего стола: «Голубой». На столе доступны значки приложений.
[23.05.2026 13:38:10] Обои рабочего стола: «Forest.png».
[23.05.2026 13:38:12] Обои рабочего стола: «Lake.png».
[23.05.2026 13:38:15] Запущена задача «Чтение: desk_shell.log #4» (№ 4).
[23.05.2026 13:38:23] Остановлена задача «Чтение: desk_shell.log #4» (№ 4).
[23.05.2026 13:38:36] Запущена задача «Калькулятор #5» (№ 5).
[23.05.2026 13:38:40] Запущена задача «Монитор задач #6» (№ 6).
[23.05.2026 13:39:05] Остановлена задача «Монитор задач #6» (№ 6).
[23.05.2026 13:39:06] Остановлена задача «Калькулятор #5» (№ 5).
[23.05.2026 13:40:19] Запущена задача «Монитор задач #7» (№ 7).
[23.05.2026 13:40:22] Остановлена задача «Монитор задач #7» (№ 7).
[23.05.2026 13:42:14] Запущена задача «Монитор задач #8» (№ 8).
[23.05.2026 13:42:15] Остановлена задача «Монитор задач #8» (№ 8).
[23.05.2026 13:45:45] Сеанс VVU-DeskShell завершён.
[23.05.2026 13:46:05] Инициализирована рабочая зона сеанса.
[23.05.2026 13:46:05] Запущена задача «Менеджер окон» (№ 2).
[23.05.2026 13:46:05] Запущена задача «Служба мониторинга» (№ 3).
[23.05.2026 13:46:05] Авторизация: пользователь «Vadim» (проверка хеша пароля).
[23.05.2026 13:46:05] Фон рабочего стола: «Голубой». На столе доступны значки приложений.
[23.05.2026 13:49:05] Сеанс VVU-DeskShell завершён.
[23.05.2026 13:49:59] Инициализирована рабочая зона сеанса.
[23.05.2026 13:49:59] Запущена задача «Менеджер окон» (№ 2).
[23.05.2026 13:49:59] Запущена задача «Служба мониторинга» (№ 3).
[23.05.2026 13:50:08] Запущена задача «Монитор задач #4» (№ 4).
[23.05.2026 13:50:09] Запущена задача «Монитор задач #5» (№ 5).
[23.05.2026 13:50:13] Запущена задача «Монитор задач #6» (№ 6).
[23.05.2026 13:50:16] Запущена задача «Монитор задач #7» (№ 7).
[23.05.2026 13:50:17] Запущена задача «Монитор задач #8» (№ 8).
[23.05.2026 13:51:54] Сеанс VVU-DeskShell завершён.
[23.05.2026 13:51:55] Сеанс VVU-DeskShell завершён.
[23.05.2026 13:51:56] Сеанс VVU-DeskShell завершён.
[23.05.2026 13:51:57] Сеанс VVU-DeskShell завершён.
[23.05.2026 13:52:08] Инициализирована рабочая зона сеанса.
[23.05.2026 13:52:08] Запущена задача «Менеджер окон» (№ 2).
[23.05.2026 13:52:08] Запущена задача «Служба мониторинга» (№ 3).
[23.05.2026 13:55:42] Инициализирована рабочая зона сеанса.
[23.05.2026 13:55:42] Запущена задача «Менеджер окон» (№ 2).
[23.05.2026 13:55:42] Запущена задача «Служба мониторинга» (№ 3).
[23.05.2026 13:55:42] Авторизация: пользователь «Vadim» (проверка хеша пароля).
[23.05.2026 13:55:42] Фон рабочего стола: «Голубой». На столе доступны значки приложений.
[23.05.2026 13:55:45] Запущена задача «Чтение: desk_shell.log #4» (№ 4).
[23.05.2026 13:55:47] Остановлена задача «Чтение: desk_shell.log #4» (№ 4).
[23.05.2026 13:55:48] Запущена задача «Параметры #5» (№ 5).
[23.05.2026 13:55:49] Остановлена задача «Параметры #5» (№ 5).
[23.05.2026 13:55:51] Запущена задача «Монитор задач #6» (№ 6).
[23.05.2026 13:55:55] Запущена задача «Калькулятор #7» (№ 7).
[23.05.2026 13:56:33] Остановлена задача «Калькулятор #7» (№ 7).
[23.05.2026 13:56:39] Сеанс VVU-DeskShell завершён.
[23.05.2026 13:56:52] Инициализирована рабочая зона сеанса.
[23.05.2026 13:56:52] Запущена задача «Менеджер окон» (№ 2).
[23.05.2026 13:56:52] Запущена задача «Служба мониторинга» (№ 3).
[23.05.2026 13:56:52] Авторизация: пользователь «Vadim» (проверка хеша пароля).
[23.05.2026 13:56:52] Фон рабочего стола: «Голубой». На столе доступны значки приложений.
[23.05.2026 13:56:57] Запущена задача «Монитор задач #4» (№ 4).
[23.05.2026 13:56:59] Остановлена задача «Монитор задач #4» (№ 4).
[23.05.2026 13:57:30] Сеанс VVU-DeskShell завершён.
[23.05.2026 14:01:46] Инициализирована рабочая зона сеанса.
[23.05.2026 14:01:46] Запущена задача «Менеджер окон» (№ 2).
[23.05.2026 14:01:46] Запущена задача «Служба мониторинга» (№ 3).
[23.05.2026 14:01:46] Авторизация: пользователь «Vadim» (проверка хеша пароля).
[23.05.2026 14:01:46] Фон рабочего стола: «Голубой». На столе доступны значки приложений.
[23.05.2026 14:02:12] Запущена задача «Монитор задач #4» (№ 4).
[23.05.2026 14:02:18] Запущена задача «Файловый менеджер #5» (№ 5).
[23.05.2026 14:02:42] Остановлена задача «Файловый менеджер #5» (№ 5).
[23.05.2026 14:02:42] Запущена задача «Калькулятор #6» (№ 6).
[23.05.2026 14:03:22] Приостановлена задача «Монитор задач #4» (№ 4).
[23.05.2026 14:07:01] Сеанс VVU-DeskShell завершён.
[23.05.2026 14:09:17] Инициализирована рабочая зона сеанса.
[23.05.2026 14:09:17] Запущена задача «Менеджер окон» (№ 2).
[23.05.2026 14:09:17] Запущена задача «Служба мониторинга» (№ 3).
[23.05.2026 14:09:17] Авторизация: пользователь «Vadim» (проверка хеша пароля).
[23.05.2026 14:09:17] Фон рабочего стола: «Голубой». На столе доступны значки приложений.
[23.05.2026 14:09:26] Запущена задача «Файловый менеджер #4» (№ 4).
[23.05.2026 14:09:27] Остановлена задача «Файловый менеджер #4» (№ 4).
[23.05.2026 14:09:29] Запущена задача «Монитор задач #5» (№ 5).
[23.05.2026 14:09:31] Запущена задача «Калькулятор #6» (№ 6).
[23.05.2026 14:09:34] Приостановлена задача «Калькулятор #6» (№ 6).
[23.05.2026 14:10:07] Возобновлена задача «Калькулятор #6» (№ 6).
[23.05.2026 14:10:13] Приостановлена задача «Калькулятор #6» (№ 6).
[23.05.2026 14:11:38] Остановлена задача «Калькулятор #6» (№ 6).
[23.05.2026 14:11:39] Запущена задача «Монитор задач #7» (№ 7).
[23.05.2026 14:11:41] Остановлена задача «Монитор задач #7» (№ 7).
[23.05.2026 14:11:43] Запущена задача «Калькулятор #8» (№ 8).
[23.05.2026 14:12:03] Приостановлена задача «Калькулятор #8» (№ 8).
[23.05.2026 14:12:26] Обои рабочего стола: «village.png».
[23.05.2026 14:12:28] Обои отключены, фон: «Голубой».
[23.05.2026 14:12:31] Обои рабочего стола: «Green.png».
[23.05.2026 14:13:06] Возобновлена задача «Калькулятор #8» (№ 8).
[23.05.2026 14:13:37] Приостановлена задача «Калькулятор #8» (№ 8).
[23.05.2026 14:13:40] Возобновлена задача «Калькулятор #8» (№ 8).
[23.05.2026 14:13:45] Остановлена задача «Калькулятор #8» (№ 8).
[23.05.2026 14:13:45] Запущена задача «Параметры #9» (№ 9).
[23.05.2026 14:13:48] Приостановлена задача «Параметры #9» (№ 9).
[23.05.2026 14:13:49] Возобновлена задача «Параметры #9» (№ 9).
[23.05.2026 14:13:56] Приостановлена задача «Параметры #9» (№ 9).
[23.05.2026 14:14:03] Остановлена задача «Параметры #9» (№ 9).
[23.05.2026 14:14:07] Остановлена задача «Монитор задач #5» (№ 5).
[23.05.2026 14:14:09] Обои рабочего стола: «Forest.png».
[23.05.2026 14:20:05] Сеанс VVU-DeskShell завершён.
[23.05.2026 14:21:30] Инициализирована рабочая зона сеанса.
[23.05.2026 14:21:30] Запущена задача «Менеджер окон» (№ 2).
[23.05.2026 14:21:30] Запущена задача «Служба мониторинга» (№ 3).
[23.05.2026 14:21:30] Авторизация: пользователь «Vadim» (проверка хеша пароля).
[23.05.2026 14:21:30] Фон рабочего стола: «Зелёный». На столе доступны значки приложений.
[23.05.2026 14:21:31] Запущена задача «Монитор задач #4» (№ 4).
[23.05.2026 14:21:34] Запущена задача «Калькулятор #5» (№ 5).
[23.05.2026 14:21:36] Приостановлена задача «Калькулятор #5» (№ 5).
[23.05.2026 14:21:44] Остановлена задача «Монитор задач #4» (№ 4).
[23.05.2026 14:23:21] Сеанс VVU-DeskShell завершён.
[23.05.2026 14:23:28] Инициализирована рабочая зона сеанса.
[23.05.2026 14:23:28] Запущена задача «Менеджер окон» (№ 2).
[23.05.2026 14:23:28] Запущена задача «Служба мониторинга» (№ 3).
[23.05.2026 14:23:28] Авторизация: пользователь «Vadim» (проверка хеша пароля).
[23.05.2026 14:23:28] Фон рабочего стола: «Зелёный». На столе доступны значки приложений.
[23.05.2026 14:23:29] Запущена задача «Монитор задач #4» (№ 4).
[23.05.2026 14:23:31] Запущена задача «Калькулятор #5» (№ 5).
[23.05.2026 14:23:33] Приостановлена задача «Калькулятор #5» (№ 5).
[23.05.2026 14:24:45] Инициализирована рабочая зона сеанса.
[23.05.2026 14:24:45] Запущена задача «Менеджер окон» (№ 2).
[23.05.2026 14:24:45] Запущена задача «Служба мониторинга» (№ 3).
[23.05.2026 14:24:46] Авторизация: пользователь «Vadim» (проверка хеша пароля).
[23.05.2026 14:24:46] Фон рабочего стола: «Зелёный». На столе доступны значки приложений.
[23.05.2026 14:24:48] Запущена задача «Монитор задач #4» (№ 4).
[23.05.2026 14:24:52] Запущена задача «Калькулятор #5» (№ 5).
[23.05.2026 14:24:55] Приостановлена задача «Калькулятор #5» (№ 5).
[23.05.2026 14:25:50] Инициализирована рабочая зона сеанса.
[23.05.2026 14:25:50] Запущена задача «Менеджер окон» (№ 2).
[23.05.2026 14:25:50] Запущена задача «Служба мониторинга» (№ 3).
[23.05.2026 14:25:50] Авторизация: пользователь «Vadim» (проверка хеша пароля).
[23.05.2026 14:25:50] Фон рабочего стола: «Зелёный». На столе доступны значки приложений.
[23.05.2026 14:25:51] Запущена задача «Монитор задач #4» (№ 4).
[23.05.2026 14:25:53] Запущена задача «Калькулятор #5» (№ 5).
[23.05.2026 14:25:56] Приостановлена задача «Калькулятор #5» (№ 5).
[23.05.2026 14:28:21] Инициализирована рабочая зона сеанса.
[23.05.2026 14:28:21] Запущена задача «Менеджер окон» (№ 2).
[23.05.2026 14:28:21] Запущена задача «Служба мониторинга» (№ 3).
[23.05.2026 14:28:21] Авторизация: пользователь «Vadim» (проверка хеша пароля).
[23.05.2026 14:28:21] Фон рабочего стола: «Зелёный». На столе доступны значки приложений.
[23.05.2026 14:28:22] Запущена задача «Монитор задач #4» (№ 4).
[23.05.2026 14:28:24] Запущена задача «Калькулятор #5» (№ 5).
[23.05.2026 14:28:26] Приостановлена задача «Калькулятор #5» (№ 5).
[23.05.2026 14:28:34] Остановлена задача «Калькулятор #5» (№ 5).
[23.05.2026 14:28:40] Запущена задача «Калькулятор #6» (№ 6).
[23.05.2026 14:28:44] Приостановлена задача «Калькулятор #6» (№ 6).
[23.05.2026 14:30:15] Инициализирована рабочая зона сеанса.
[23.05.2026 14:30:15] Запущена задача «Менеджер окон» (№ 2).
[23.05.2026 14:30:15] Запущена задача «Служба мониторинга» (№ 3).
[23.05.2026 14:30:15] Авторизация: пользователь «Vadim» (проверка хеша пароля).
[23.05.2026 14:30:15] Фон рабочего стола: «Зелёный». На столе доступны значки приложений.
[23.05.2026 14:30:17] Запущена задача «Калькулятор #4» (№ 4).
[23.05.2026 14:30:19] Запущена задача «Монитор задач #5» (№ 5).
[23.05.2026 14:30:25] Приостановлена задача «Калькулятор #4» (№ 4).
[23.05.2026 14:30:32] Остановлена задача «Калькулятор #4» (№ 4).
[23.05.2026 14:30:34] Запущена задача «Калькулятор #6» (№ 6).
[23.05.2026 14:30:34] Приостановлена задача «Монитор задач #5» (№ 5).
[23.05.2026 14:30:38] Сеанс VVU-DeskShell завершён.
[23.05.2026 14:32:24] Инициализирована рабочая зона сеанса.
[23.05.2026 14:32:24] Запущена задача «Менеджер окон» (№ 2).
[23.05.2026 14:32:24] Запущена задача «Служба мониторинга» (№ 3).
[23.05.2026 14:32:25] Авторизация: пользователь «Vadim» (проверка хеша пароля).
[23.05.2026 14:32:25] Фон рабочего стола: «Зелёный». На столе доступны значки приложений.
[23.05.2026 14:32:26] Запущена задача «Калькулятор #4» (№ 4).
[23.05.2026 14:32:26] Запущена задача «Монитор задач #5» (№ 5).
[23.05.2026 14:32:28] Приостановлена задача «Калькулятор #4» (№ 4).
[23.05.2026 14:32:41] Остановлена задача «Калькулятор #4» (№ 4).
[23.05.2026 14:32:42] Остановлена задача «Монитор задач #5» (№ 5).
[23.05.2026 16:58:02] Инициализирована рабочая зона сеанса.
[23.05.2026 16:58:02] Запущена задача «Менеджер окон» (№ 2).
[23.05.2026 16:58:02] Запущена задача «Служба мониторинга» (№ 3).
[23.05.2026 16:58:03] Авторизация: пользователь «Vadim» (проверка хеша пароля).
[23.05.2026 16:58:03] Фон рабочего стола: «Зелёный». На столе доступны значки приложений.
[23.05.2026 16:58:04] Запущена задача «Монитор задач #4» (№ 4).
[23.05.2026 16:58:05] Запущена задача «Калькулятор #5» (№ 5).
[23.05.2026 16:58:08] Приостановлена задача «Калькулятор #5» (№ 5).
[23.05.2026 16:58:15] Возобновлена задача «Калькулятор #5» (№ 5).
[23.05.2026 16:58:17] Остановлена задача «Монитор задач #4» (№ 4).
[23.05.2026 16:58:17] Остановлена задача «Калькулятор #5» (№ 5).
[23.05.2026 16:58:18] Сеанс VVU-DeskShell завершён.
